[    0.000000] Initializing cgroup subsys cpuset
[    0.000000] Initializing cgroup subsys cpu
[    0.000000] Initializing cgroup subsys cpuacct
[    0.000000] Linux version 4.4.0-190-generic (buildd@lcy01-amd64-026) (gcc version 5.4.0 20160609 (Ubuntu 5.4.0-6ubuntu1~16.04.12) ) #220-Ubuntu SMP Fri Aug 28 23:02:15 UTC 2020 (Ubuntu 4.4.0-190.220-generic 4.4.233)
[    0.000000] Command line: BOOT_IMAGE=/boot/vmlinuz-4.4.0-190-generic root=LABEL=cloudimg-rootfs ro console=tty1 console=ttyS0
[    0.000000] KERNEL supported cpus:
[    0.000000]   Intel GenuineIntel
[    0.000000]   AMD AuthenticAMD
[    0.000000]   Centaur CentaurHauls
[    0.000000] x86/fpu: xstate_offset[2]:  576, xstate_sizes[2]:  256
[    0.000000] x86/fpu: Supporting XSAVE feature 0x01: 'x87 floating point registers'
[    0.000000] x86/fpu: Supporting XSAVE feature 0x02: 'SSE registers'
[    0.000000] x86/fpu: Supporting XSAVE feature 0x04: 'AVX registers'
[    0.000000] x86/fpu: Enabled xstate features 0x7, context size is 832 bytes, using 'standard' format.
[    0.000000] e820: BIOS-provided physical RAM map:
[    0.000000] BIOS-e820: [mem 0x0000000000000000-0x000000000009fbff] usable
[    0.000000] BIOS-e820: [mem 0x000000000009fc00-0x000000000009ffff] reserved
[    0.000000] BIOS-e820: [mem 0x00000000000f0000-0x00000000000fffff] reserved
[    0.000000] BIOS-e820: [mem 0x0000000000100000-0x000000003ffeffff] usable
[    0.000000] BIOS-e820: [mem 0x000000003fff0000-0x000000003fffffff] ACPI data
[    0.000000] BIOS-e820: [mem 0x00000000fec00000-0x00000000fec00fff] reserved
[    0.000000] BIOS-e820: [mem 0x00000000fee00000-0x00000000fee00fff] reserved
[    0.000000] BIOS-e820: [mem 0x00000000fffc0000-0x00000000ffffffff] reserved
[    0.000000] NX (Execute Disable) protection: active
[    0.000000] SMBIOS 2.5 present.
[    0.000000] Hypervisor detected: KVM
[    0.000000] e820: last_pfn = 0x3fff0 max_arch_pfn = 0x400000000
[    0.000000] MTRR: Disabled
[    0.000000] x86/PAT: MTRRs disabled, skipping PAT initialization too.
[    0.000000] CPU MTRRs all blank - virtualized system.
[    0.000000] x86/PAT: Configuration [0-7]: WB  WT  UC- UC  WB  WT  UC- UC  
[    0.000000] found SMP MP-table at [mem 0x0009fff0-0x0009ffff] mapped at [ffff88000009fff0]
[    0.000000] Scanning 1 areas for low memory corruption
[    0.000000] RAMDISK: [mem 0x362e0000-0x37167fff]
[    0.000000] ACPI: Early table checksum verification disabled
[    0.000000] ACPI: RSDP 0x00000000000E0000 000024 (v02 VBOX  )
[    0.000000] ACPI: XSDT 0x000000003FFF0030 00003C (v01 VBOX   VBOXXSDT 00000001 ASL  00000061)
[    0.000000] ACPI: FACP 0x000000003FFF00F0 0000F4 (v04 VBOX   VBOXFACP 00000001 ASL  00000061)
[    0.000000] ACPI: DSDT 0x000000003FFF0470 002325 (v02 VBOX   VBOXBIOS 00000002 INTL 20100528)
[    0.000000] ACPI: FACS 0x000000003FFF0200 000040
[    0.000000] ACPI: FACS 0x000000003FFF0200 000040
[    0.000000] ACPI: APIC 0x000000003FFF0240 00005C (v02 VBOX   VBOXAPIC 00000001 ASL  00000061)
[    0.000000] ACPI: SSDT 0x000000003FFF02A0 0001CC (v01 VBOX   VBOXCPUT 00000002 INTL 20100528)
[    0.000000] No NUMA configuration found
[    0.000000] Faking a node at [mem 0x0000000000000000-0x000000003ffeffff]
[    0.000000] NODE_DATA(0) allocated [mem 0x3ffeb000-0x3ffeffff]
[    0.000000] kvm-clock: Using msrs 4b564d01 and 4b564d00
[    0.000000] kvm-clock: cpu 0, msr 0:3ffe3001, primary cpu clock
[    0.000000] kvm-clock: using sched offset of 4840573829 cycles
[    0.000000] clocksource: kvm-clock: mask: 0xffffffffffffffff max_cycles: 0x1cd42e4dffb, max_idle_ns: 881590591483 ns
[    0.000000] Zone ranges:
[    0.000000]   DMA      [mem 0x0000000000001000-0x0000000000ffffff]
[    0.000000]   DMA32    [mem 0x0000000001000000-0x000000003ffeffff]
[    0.000000]   Normal   empty
[    0.000000]   Device   empty
[    0.000000] Movable zone start for each node
[    0.000000] Early memory node ranges
[    0.000000]   node   0: [mem 0x0000000000001000-0x000000000009efff]
[    0.000000]   node   0: [mem 0x0000000000100000-0x000000003ffeffff]
[    0.000000] Initmem setup node 0 [mem 0x0000000000001000-0x000000003ffeffff]
[    0.000000] ACPI: PM-Timer IO Port: 0x4008
[    0.000000] IOAPIC[0]: apic_id 2, version 32, address 0xfec00000, GSI 0-23
[    0.000000] ACPI: INT_SRC_OVR (bus 0 bus_irq 0 global_irq 2 dfl dfl)
[    0.000000] ACPI: INT_SRC_OVR (bus 0 bus_irq 9 global_irq 9 low level)
[    0.000000] Using ACPI (MADT) for SMP configuration information
[    0.000000] smpboot: Allowing 2 CPUs, 0 hotplug CPUs
[    0.000000] PM: Registered nosave memory: [mem 0x00000000-0x00000fff]
[    0.000000] PM: Registered nosave memory: [mem 0x0009f000-0x0009ffff]
[    0.000000] PM: Registered nosave memory: [mem 0x000a0000-0x000effff]
[    0.000000] PM: Registered nosave memory: [mem 0x000f0000-0x000fffff]
[    0.000000] e820: [mem 0x40000000-0xfebfffff] available for PCI devices
[    0.000000] Booting paravirtualized kernel on KVM
[    0.000000] clocksource: refined-jiffies: mask: 0xffffffff max_cycles: 0xffffffff, max_idle_ns: 7645519600211568 ns
[    0.000000] setup_percpu: NR_CPUS:512 nr_cpumask_bits:512 nr_cpu_ids:2 nr_node_ids:1
[    0.000000] PERCPU: Embedded 33 pages/cpu @ffff88003fc00000 s95512 r8192 d31464 u1048576
[    0.000000] Built 1 zonelists in Node order, mobility grouping on.  Total pages: 257912
[    0.000000] Policy zone: DMA32
[    0.000000] Kernel command line: BOOT_IMAGE=/boot/vmlinuz-4.4.0-190-generic root=LABEL=cloudimg-rootfs ro console=tty1 console=ttyS0
[    0.000000] PID hash table entries: 4096 (order: 3, 32768 bytes)
[    0.000000] Memory: 997664K/1048120K available (8636K kernel code, 1337K rwdata, 4040K rodata, 1492K init, 1296K bss, 50456K reserved, 0K cma-reserved)
[    0.000000] SLUB: HWalign=64, Order=0-3, MinObjects=0, CPUs=2, Nodes=1
[    0.000000] Kernel/User page tables isolation: enabled
[    0.000000] Hierarchical RCU implementation.
[    0.000000] 	Build-time adjustment of leaf fanout to 64.
[    0.000000] 	RCU restricting CPUs from NR_CPUS=512 to nr_cpu_ids=2.
[    0.000000] RCU: Adjusting geometry for rcu_fanout_leaf=64, nr_cpu_ids=2
[    0.000000] NR_IRQS:33024 nr_irqs:440 16
[    0.000000] Console: colour VGA+ 80x25
[    0.000000] console [tty1] enabled
[    0.000000] console [ttyS0] enabled
[    0.000000] tsc: Detected 2594.106 MHz processor
[    0.344435] Calibrating delay loop (skipped) preset value.. 5188.21 BogoMIPS (lpj=10376424)
[    0.348371] pid_max: default: 32768 minimum: 301
[    0.350825] ACPI: Core revision 20150930
[    0.357323] ACPI: 2 ACPI AML tables successfully acquired and loaded
[    0.360248] Security Framework initialized
[    0.362154] Yama: becoming mindful.
[    0.364057] AppArmor: AppArmor initialized
[    0.366165] Dentry cache hash table entries: 131072 (order: 8, 1048576 bytes)
[    0.370370] Inode-cache hash table entries: 65536 (order: 7, 524288 bytes)
[    0.373668] Mount-cache hash table entries: 2048 (order: 2, 16384 bytes)
[    0.376478] Mountpoint-cache hash table entries: 2048 (order: 2, 16384 bytes)
[    0.379600] Initializing cgroup subsys io
[    0.381524] Initializing cgroup subsys memory
[    0.383603] Initializing cgroup subsys devices
[    0.385627] Initializing cgroup subsys freezer
[    0.387775] Initializing cgroup subsys net_cls
[    0.390475] Initializing cgroup subsys perf_event
[    0.392550] Initializing cgroup subsys net_prio
[    0.394645] Initializing cgroup subsys hugetlb
[    0.396716] Initializing cgroup subsys pids
[    0.399164] mce: CPU supports 0 MCE banks
[    0.401212] Last level iTLB entries: 4KB 512, 2MB 8, 4MB 8
[    0.403542] Last level dTLB entries: 4KB 512, 2MB 32, 4MB 32, 1GB 0
[    0.406201] Spectre V1 : Mitigation: usercopy/swapgs barriers and __user pointer sanitization
[    0.410252] Spectre V2 : Mitigation: Full generic retpoline
[    0.412690] Spectre V2 : Spectre v2 / SpectreRSB mitigation: Filling RSB on context switch
[    0.416640] Speculative Store Bypass: Vulnerable
[    0.419164] SRBDS: Unknown: Dependent on hypervisor status
[    0.421682] MDS: Vulnerable: Clear CPU buffers attempted, no microcode
[    0.430671] Freeing SMP alternatives memory: 36K
[    0.445780] ftrace: allocating 32339 entries in 127 pages
[    0.574210] smpboot: APIC(0) Converting physical 0 to logical package 0
[    0.577090] smpboot: Max logical packages: 1
[    0.579953] x2apic enabled
[    0.582216] Switched APIC routing to physical x2apic.
[    0.587691] ..TIMER: vector=0x30 apic1=0 pin1=2 apic2=-1 pin2=-1
[    0.698724] smpboot: CPU0: Intel(R) Core(TM) i5-3230M CPU @ 2.60GHz (family: 0x6, model: 0x3a, stepping: 0x9)
[    0.703687] Performance Events: unsupported p6 CPU model 58 no PMU driver, software events only.
[    0.725127] KVM setup paravirtual spinlock
[    0.728142] x86: Booting SMP configuration:
[    0.730512] .... node  #0, CPUs:      #1
[    0.732294] kvm-clock: cpu 1, msr 0:3ffe3041, secondary cpu clock
[    0.734918] mce: CPU supports 0 MCE banks
[    0.738341] x86: Booted up 1 node, 2 CPUs
[    0.741356] smpboot: Total of 2 processors activated (10376.42 BogoMIPS)
[    0.745854] devtmpfs: initialized
[    0.760227] evm: security.selinux
[    0.762186] evm: security.SMACK64
[    0.764007] evm: security.SMACK64EXEC
[    0.765934] evm: security.SMACK64TRANSMUTE
[    0.768016] evm: security.SMACK64MMAP
[    0.769770] evm: security.ima
[    0.771374] evm: security.capability
[    0.773615] clocksource: jiffies: mask: 0xffffffff max_cycles: 0xffffffff, max_idle_ns: 7645041785100000 ns
[    0.777923] futex hash table entries: 512 (order: 3, 32768 bytes)
[    0.780752] pinctrl core: initialized pinctrl subsystem
[    0.783223] RTC time: 11:12:18, date: 10/05/20
[    0.785492] NET: Registered protocol family 16
[    0.798676] cpuidle: using governor ladder
[    0.811652] cpuidle: using governor menu
[    0.813673] PCCT header not found.
[    0.815827] ACPI: bus type PCI registered
[    0.817730] acpiphp: ACPI Hot Plug PCI Controller Driver version: 0.5
[    0.820596] PCI: Using configuration type 1 for base access
[    0.841194] ACPI: Added _OSI(Module Device)
[    0.843244] ACPI: Added _OSI(Processor Device)
[    0.845340] ACPI: Added _OSI(3.0 _SCP Extensions)
[    0.847453] ACPI: Added _OSI(Processor Aggregator Device)
[    0.851623] ACPI: Executed 1 blocks of module-level executable AML code
[    0.861081] ACPI: Interpreter enabled
[    0.863007] ACPI: (supports S0 S5)
[    0.864847] ACPI: Using IOAPIC for interrupt routing
[    0.867617] PCI: Using host bridge windows from ACPI; if necessary, use "pci=nocrs" and report a bug
[    0.881693] ACPI: PCI Root Bridge [PCI0] (domain 0000 [bus 00-ff])
[    0.884352] acpi PNP0A03:00: _OSC: OS supports [ASPM ClockPM Segments MSI]
[    0.888229] acpi PNP0A03:00: _OSC: not requesting OS control; OS requires [ExtendedConfig ASPM ClockPM MSI]
[    0.892850] acpi PNP0A03:00: fail to add MMCONFIG information, can't access extended PCI configuration space under this bridge.
[    0.898288] PCI host bridge to bus 0000:00
[    0.900236] pci_bus 0000:00: root bus resource [io  0x0000-0x0cf7 window]
[    0.903606] pci_bus 0000:00: root bus resource [io  0x0d00-0xffff window]
[    0.907190] pci_bus 0000:00: root bus resource [mem 0x000a0000-0x000bffff window]
[    0.911587] pci_bus 0000:00: root bus resource [mem 0x40000000-0xfdffffff window]
[    0.916086] pci_bus 0000:00: root bus resource [bus 00-ff]
[    0.923135] pci 0000:00:01.1: legacy IDE quirk: reg 0x10: [io  0x01f0-0x01f7]
[    0.926980] pci 0000:00:01.1: legacy IDE quirk: reg 0x14: [io  0x03f6]
[    0.930355] pci 0000:00:01.1: legacy IDE quirk: reg 0x18: [io  0x0170-0x0177]
[    0.962823] pci 0000:00:01.1: legacy IDE quirk: reg 0x1c: [io  0x0376]
[    0.986121] pci 0000:00:07.0: quirk: [io  0x4000-0x403f] claimed by PIIX4 ACPI
[    0.990233] pci 0000:00:07.0: quirk: [io  0x4100-0x410f] claimed by PIIX4 SMB
[    1.006491] ACPI: PCI Interrupt Link [LNKA] (IRQs 5 9 10 *11)
[    1.011925] ACPI: PCI Interrupt Link [LNKB] (IRQs 5 9 *10 11)
[    1.016482] ACPI: PCI Interrupt Link [LNKC] (IRQs 5 *9 10 11)
[    1.021073] ACPI: PCI Interrupt Link [LNKD] (IRQs 5 9 10 *11)
[    1.025579] ACPI: Enabled 2 GPEs in block 00 to 07
[    1.029164] vgaarb: setting as boot device: PCI:0000:00:02.0
[    1.032219] vgaarb: device added: PCI:0000:00:02.0,decodes=io+mem,owns=io+mem,locks=none
[    1.037335] vgaarb: loaded
[    1.039184] vgaarb: bridge control possible 0000:00:02.0
[    1.042776] SCSI subsystem initialized
[    1.045221] ACPI: bus type USB registered
[    1.047620] usbcore: registered new interface driver usbfs
[    1.050598] usbcore: registered new interface driver hub
[    1.053886] usbcore: registered new device driver usb
[    1.057025] PCI: Using ACPI for IRQ routing
[    1.060926] NetLabel: Initializing
[    1.062661] NetLabel:  domain hash size = 128
[    1.064726] NetLabel:  protocols = UNLABELED CIPSOv4
[    1.067183] NetLabel:  unlabeled traffic allowed by default
[    1.070671] amd_nb: Cannot enumerate AMD northbridges
[    1.072982] clocksource: Switched to clocksource kvm-clock
[    1.092279] AppArmor: AppArmor Filesystem Enabled
[    1.094539] pnp: PnP ACPI init
[    1.098013] pnp: PnP ACPI: found 3 devices
[    1.111254] clocksource: acpi_pm: mask: 0xffffff max_cycles: 0xffffff, max_idle_ns: 2085701024 ns
[    1.115308] NET: Registered protocol family 2
[    1.117657] TCP established hash table entries: 8192 (order: 4, 65536 bytes)
[    1.120484] TCP bind hash table entries: 8192 (order: 5, 131072 bytes)
[    1.123308] TCP: Hash tables configured (established 8192 bind 8192)
[    1.126325] UDP hash table entries: 512 (order: 2, 16384 bytes)
[    1.128830] UDP-Lite hash table entries: 512 (order: 2, 16384 bytes)
[    1.131487] NET: Registered protocol family 1
[    1.133549] pci 0000:00:00.0: Limiting direct PCI/PCI transfers
[    1.136061] pci 0000:00:01.0: Activating ISA DMA hang workarounds
[    1.138801] Unpacking initramfs...
[    1.628981] Freeing initrd memory: 14880K
[    1.631212] RAPL PMU detected, API unit is 2^-32 Joules, 3 fixed counters 10737418240 ms ovfl timer
[    1.635465] hw unit of domain pp0-core 2^-0 Joules
[    1.637546] hw unit of domain package 2^-0 Joules
[    1.640305] hw unit of domain pp1-gpu 2^-0 Joules
[    1.643093] clocksource: tsc: mask: 0xffffffffffffffff max_cycles: 0x25647bfab01, max_idle_ns: 440795211785 ns
[    1.647642] platform rtc_cmos: registered platform RTC device (no PNP device found)
[    1.651395] Scanning for low memory corruption every 60 seconds
[    1.654935] audit: initializing netlink subsys (disabled)
[    1.657327] audit: type=2000 audit(1601896345.637:1): initialized
[    1.660688] Initialise system trusted keyring
[    1.663190] HugeTLB registered 2 MB page size, pre-allocated 0 pages
[    1.669440] zbud: loaded
[    1.671696] VFS: Disk quotas dquot_6.6.0
[    1.673724] VFS: Dquot-cache hash table entries: 512 (order 0, 4096 bytes)
[    1.677177] squashfs: version 4.0 (2009/01/31) Phillip Lougher
[    1.680219] fuse init (API version 7.23)
[    1.682468] Key type big_key registered
[    1.684310] Allocating IMA MOK and blacklist keyrings.
[    1.687816] Key type asymmetric registered
[    1.689717] Asymmetric key parser 'x509' registered
[    1.691911] Block layer SCSI generic (bsg) driver version 0.4 loaded (major 249)
[    1.695927] io scheduler noop registered
[    1.697807] io scheduler deadline registered (default)
[    1.700085] io scheduler cfq registered
[    1.702179] pci_hotplug: PCI Hot Plug PCI Core version: 0.5
[    1.704558] pciehp: PCI Express Hot Plug Controller Driver version: 0.4
[    1.707536] ACPI: AC Adapter [AC] (on-line)
[    1.709880] input: Power Button as /devices/LNXSYSTM:00/LNXPWRBN:00/input/input0
[    1.713480] ACPI: Power Button [PWRF]
[    1.715901] input: Sleep Button as /devices/LNXSYSTM:00/LNXSLPBN:00/input/input1
[    1.719489] ACPI: Sleep Button [SLPF]
[    1.721769] GHES: HEST is not enabled!
[    1.723795] Serial: 8250/16550 driver, 32 ports, IRQ sharing enabled
[    1.747926] 00:02: ttyS0 at I/O 0x3f8 (irq = 4, base_baud = 115200) is a 16550A
[    1.756993] Linux agpgart interface v0.103
[    1.763464] loop: module loaded
[    1.766441] scsi host0: ata_piix
[    1.768516] scsi host1: ata_piix
[    1.770542] ata1: PATA max UDMA/33 cmd 0x1f0 ctl 0x3f6 bmdma 0xd000 irq 14
[    1.773392] ata2: PATA max UDMA/33 cmd 0x170 ctl 0x376 bmdma 0xd008 irq 15
[    1.776620] libphy: Fixed MDIO Bus: probed
[    1.778885] tun: Universal TUN/TAP device driver, 1.6
[    1.781208] tun: (C) 1999-2004 Max Krasnyansky <maxk@qualcomm.com>
[    1.784073] PPP generic driver version 2.4.2
[    1.786230] ehci_hcd: USB 2.0 'Enhanced' Host Controller (EHCI) Driver
[    1.788834] ehci-pci: EHCI PCI platform driver
[    1.790905] ehci-platform: EHCI generic platform driver
[    1.793225] ohci_hcd: USB 1.1 'Open' Host Controller (OHCI) Driver
[    1.795757] ohci-pci: OHCI PCI platform driver
[    1.797858] ohci-platform: OHCI generic platform driver
[    1.800145] uhci_hcd: USB Universal Host Controller Interface driver
[    1.802906] i8042: PNP: PS/2 Controller [PNP0303:PS2K,PNP0f03:PS2M] at 0x60,0x64 irq 1,12
[    1.807527] serio: i8042 KBD port at 0x60,0x64 irq 1
[    1.809736] serio: i8042 AUX port at 0x60,0x64 irq 12
[    1.812793] mousedev: PS/2 mouse device common for all mice
[    1.815897] input: AT Translated Set 2 keyboard as /devices/platform/i8042/serio0/input/input2
[    1.820666] rtc_cmos rtc_cmos: rtc core: registered rtc_cmos as rtc0
[    1.823727] rtc_cmos rtc_cmos: alarms up to one day, 114 bytes nvram
[    1.826459] i2c /dev entries driver
[    1.828341] device-mapper: uevent: version 1.0.3
[    1.830732] device-mapper: ioctl: 4.34.0-ioctl (2015-10-28) initialised: dm-devel@redhat.com
[    1.834536] ledtrig-cpu: registered to indicate activity on CPUs
[    1.837634] NET: Registered protocol family 10
[    1.840104] NET: Registered protocol family 17
[    1.842419] Key type dns_resolver registered
[    1.845601] registered taskstats version 1
[    1.847542] Loading compiled-in X.509 certificates
[    1.850724] Loaded X.509 cert 'Build time autogenerated kernel key: b89e9ea735e1dbde81c7786f041ecf1d53e71c2e'
[    1.855112] zswap: loaded using pool lzo/zbud
[    1.860358] Key type trusted registered
[    1.869410] Key type encrypted registered
[    1.871422] AppArmor: AppArmor sha1 policy hashing enabled
[    1.873729] ima: No TPM chip found, activating TPM-bypass!
[    1.876173] ima: Allocated hash algorithm: sha1
[    1.878813] evm: HMAC attrs: 0x1
[    1.881379]   Magic number: 8:732:225
[    1.883430] rtc_cmos rtc_cmos: setting system clock to 2020-10-05 11:12:19 UTC (1601896339)
[    1.888025] BIOS EDD facility v0.16 2004-Jun-25, 0 devices found
[    1.890608] EDD information not available.
[    1.960378] Freeing unused kernel memory: 1492K
[    1.962587] Write protecting the kernel read-only data: 14336k
[    1.966157] Freeing unused kernel memory: 1592K
[    1.968522] Freeing unused kernel memory: 56K
Loading, please wait...
starting version 229
[    1.994801] random: systemd-udevd: uninitialized urandom read (16 bytes read, 3 bits of entropy available)
[    1.996061] random: udevadm: uninitialized urandom read (16 bytes read, 3 bits of entropy available)
[    1.996090] random: udevadm: uninitialized urandom read (16 bytes read, 3 bits of entropy available)
[    2.011708] random: systemd-udevd: uninitialized urandom read (16 bytes read, 3 bits of entropy available)
[    2.017775] random: systemd-udevd: uninitialized urandom read (16 bytes read, 3 bits of entropy available)
[    2.018545] random: udevadm: uninitialized urandom read (16 bytes read, 3 bits of entropy available)
[    2.018624] random: udevadm: uninitialized urandom read (16 bytes read, 3 bits of entropy available)
[    2.018909] random: udevadm: uninitialized urandom read (16 bytes read, 3 bits of entropy available)
[    2.019012] random: udevadm: uninitialized urandom read (16 bytes read, 3 bits of entropy available)
[    2.019114] random: udevadm: uninitialized urandom read (16 bytes read, 3 bits of entropy available)
[    2.112800] e1000: Intel(R) PRO/1000 Network Driver - version 7.3.21-k8-NAPI
[    2.116551] e1000: Copyright (c) 1999-2006 Intel Corporation.
[    2.122143] Fusion MPT base driver 3.04.20
[    2.125283] Copyright (c) 1999-2008 LSI Corporation
[    2.139604] Fusion MPT SPI Host driver 3.04.20
[    2.338114] input: ImExPS/2 Generic Explorer Mouse as /devices/platform/i8042/serio1/input/input4
[    2.592068] e1000 0000:00:03.0 eth0: (PCI:33MHz:32-bit) 02:83:3c:85:18:ff
[    2.595126] e1000 0000:00:03.0 eth0: Intel(R) PRO/1000 Network Connection
[    2.599524] mptbase: ioc0: Initiating bringup
[    2.601124] e1000 0000:00:03.0 enp0s3: renamed from eth0
[    2.678493] ioc0: LSI53C1030 A0: Capabilities={Initiator}
[    5.341484] scsi host2: ioc0: LSI53C1030 A0, FwRev=00000000h, Ports=1, MaxQ=256, IRQ=20
[    6.632114] scsi 2:0:0:0: Direct-Access     VBOX     HARDDISK         1.0  PQ: 0 ANSI: 5
[    6.636770] scsi target2:0:0: Beginning Domain Validation
[    6.642043] scsi target2:0:0: Domain Validation skipping write tests
[    6.644988] scsi target2:0:0: Ending Domain Validation
[    6.647533] scsi target2:0:0: asynchronous
[    6.650217] scsi 2:0:1:0: Direct-Access     VBOX     HARDDISK         1.0  PQ: 0 ANSI: 5
[    6.654067] scsi target2:0:1: Beginning Domain Validation
[    6.688259] scsi target2:0:1: Domain Validation skipping write tests
[    6.691791] scsi target2:0:1: Ending Domain Validation
[    6.694822] scsi target2:0:1: asynchronous
[    6.705891] sd 2:0:0:0: Attached scsi generic sg0 type 0
[    6.708605] sd 2:0:0:0: [sda] 20971520 512-byte logical blocks: (10.7 GB/10.0 GiB)
[    6.712868] sd 2:0:1:0: [sdb] 20480 512-byte logical blocks: (10.5 MB/10.0 MiB)
[    6.717082] sd 2:0:0:0: [sda] Write Protect is off
[    6.717375] sd 2:0:1:0: [sdb] Write Protect is off
[    6.717581] sd 2:0:1:0: [sdb] Incomplete mode parameter data
[    6.717585] sd 2:0:1:0: [sdb] Assuming drive cache: write through
[    6.722316] sd 2:0:1:0: Attached scsi generic sg1 type 0
[    6.730335] sd 2:0:0:0: [sda] Incomplete mode parameter data
[    6.733310] sd 2:0:0:0: [sda] Assuming drive cache: write through
[    6.791982]  sda: sda1
[    6.795062] sd 2:0:0:0: [sda] Attached SCSI disk
[    6.807398] sd 2:0:1:0: [sdb] Attached SCSI disk
Begin: Loading essential drivers ... [    8.903468] md: linear personality registered for level -1
[    8.910084] md: multipath personality registered for level -4
[    8.916931] md: raid0 personality registered for level 0
[    8.926020] md: raid1 personality registered for level 1
[    9.001068] raid6: sse2x1   gen()  2208 MB/s
[    9.069399] raid6: sse2x1   xor()  1452 MB/s
[    9.137224] raid6: sse2x2   gen()  4143 MB/s
[    9.205066] raid6: sse2x2   xor()  2987 MB/s
[    9.273425] raid6: sse2x4   gen()  6936 MB/s
[    9.341086] raid6: sse2x4   xor()  3906 MB/s
[    9.343261] raid6: using algorithm sse2x4 gen() 6936 MB/s
[    9.345693] raid6: .... xor() 3906 MB/s, rmw enabled
[    9.347955] raid6: using ssse3x2 recovery algorithm
[    9.352290] xor: automatically using best checksumming function:
[    9.393000]    avx       : 15952.000 MB/sec
[    9.396806] async_tx: api initialized (async)
[    9.417419] md: raid6 personality registered for level 6
[    9.419981] md: raid5 personality registered for level 5
[    9.422552] md: raid4 personality registered for level 4
[    9.436039] md: raid10 personality registered for level 10
done.
Begin: Running /scripts/init-premount ... done.
Begin: Mounting root file system ... Begin: Running /scripts/local-top ... done.
Begin: Running /scripts/local-premount ... [    9.503920] Btrfs loaded
Scanning for Btrfs filesystems
done.
Warning: fsck not present, so skipping root file system
[    9.670036] EXT4-fs (sda1): mounted filesystem with ordered data mode. Opts: (null)
done.
Begin: Running /scripts/local-bottom ... done.
Begin: Running /scripts/init-bottom ... done.
[   10.348602] random: nonblocking pool is initialized
[   10.685900] systemd[1]: systemd 229 running in system mode. (+PAM +AUDIT +SELINUX +IMA +APPARMOR +SMACK +SYSVINIT +UTMP +LIBCRYPTSETUP +GCRYPT +GNUTLS +ACL +XZ -LZ4 +SECCOMP +BLKID +ELFUTILS +KMOD -IDN)
[   10.695479] systemd[1]: Detected virtualization oracle.
[   10.698460] systemd[1]: Detected architecture x86-64.

Welcome to [1mUbuntu 16.04.7 LTS[0m!

[   10.765903] systemd[1]: Set hostname to <ubuntu-xenial>.
[   12.461646] systemd[1]: Started Forward Password Requests to Wall Directory Watch.
[[0;32m  OK  [0m] Started Forward Password Requests to Wall Directory Watch.
[   12.470699] systemd[1]: Listening on Journal Audit Socket.
[[0;32m  OK  [0m] Listening on Journal Audit Socket.
[   12.477926] systemd[1]: Created slice User and Session Slice.
[[0;32m  OK  [0m] Created slice User and Session Slice.
[   12.484592] systemd[1]: Listening on /dev/initctl Compatibility Named Pipe.
[[0;32m  OK  [0m] Listening on /dev/initctl Compatibility Named Pipe.
[   12.491909] systemd[1]: Reached target User and Group Name Lookups.
[[0;32m  OK  [0m] Reached target User and Group Name Lookups.
[   12.498147] systemd[1]: Reached target System Time Synchronized.
[[0;32m  OK  [0m] Reached target System Time Synchronized.
[   12.504410] systemd[1]: Listening on udev Kernel Socket.
[[0;32m  OK  [0m] Listening on udev Kernel Socket.
[   12.510395] systemd[1]: Started Trigger resolvconf update for networkd DNS.
[[0;32m  OK  [0m] Started Trigger resolvconf update for networkd DNS.
[   12.517622] systemd[1]: Listening on LVM2 poll daemon socket.
[[0;32m  OK  [0m] Listening on LVM2 poll daemon socket.
[   12.524511] systemd[1]: Created slice System Slice.
[[0;32m  OK  [0m] Created slice System Slice.
[   12.529872] systemd[1]: Reached target Encrypted Volumes.
[[0;32m  OK  [0m] Reached target Encrypted Volumes.
[   12.535711] systemd[1]: Listening on Device-mapper event daemon FIFOs.
[[0;32m  OK  [0m] Listening on Device-mapper event daemon FIFOs.
[   12.542151] systemd[1]: Listening on Journal Socket (/dev/log).
[[0;32m  OK  [0m] Listening on Journal Socket (/dev/log).
[   12.548363] systemd[1]: Listening on udev Control Socket.
[[0;32m  OK  [0m] Listening on udev Control Socket.
[   12.553834] systemd[1]: Set up automount Arbitrary Executable File Formats File System Automount Point.
[[0;32m  OK  [0m] Set up automount Arbitrary Executab...ats File System Automount Point.
[   12.561326] systemd[1]: Listening on Syslog Socket.
[[0;32m  OK  [0m] Listening on Syslog Socket.
[   12.566204] systemd[1]: Reached target Slices.
[[0;32m  OK  [0m] Reached target Slices.
[   12.571105] systemd[1]: Listening on LVM2 metadata daemon socket.
[[0;32m  OK  [0m] Listening on LVM2 metadata daemon socket.
[   12.576708] systemd[1]: Reached target Swap.
[[0;32m  OK  [0m] Reached target Swap.
[   12.581424] systemd[1]: Listening on Journal Socket.
[[0;32m  OK  [0m] Listening on Journal Socket.
[   12.597609] systemd[1]: Starting Monitoring of LVM2 mirrors, snapshots etc. using dmeventd or progress polling...
         Starting Monitoring of LVM2 mirrors... dmeventd or progress polling...
[   12.607730] systemd[1]: Starting Set console keymap...
         Starting Set console keymap...
[   12.661998] systemd[1]: Starting Load Kernel Modules...
         Starting Load Kernel Modules...
[   12.668140] systemd[1]: Starting Nameserver information manager...
         Starting Nameserver information manager...
[   12.676775] systemd[1]: Starting Uncomplicated firewall...
         Starting Uncomplicated firewall...
[   12.683357] systemd[1]: Mounting Huge Pages File System...
         Mounting Huge Pages File System...
[   12.689959] systemd[1]: Starting Journal Service...
         Starting Journal Service...
[   12.786160] systemd[1]: Starting Create list of required static device nodes for the current kernel...
         Starting Create list of required st... nodes for the current kernel...
[   12.794928] systemd[1]: Mounting POSIX Message Queue File System...
         Mounting POSIX Message Queue File System...
[   12.806670] systemd[1]: Mounting Debug File System...
         Mounting Debug File System...
[   12.812519] systemd[1]: Starting Remount Root and Kernel File Systems...
         Starting Remount Root and Kernel File Systems...
[   12.818263] systemd[1]: Created slice system-serial\x2dgetty.slice.
[[0;32m  OK  [0m] Created slice system-serial\x2dgetty.slice.
[   12.826813] systemd[1]: Started Uncomplicated firewall.
[[0;32m  OK  [0m] Started Uncomplicated firewall.
[   12.901080] systemd[1]: Started Create list of required static device nodes for the current kernel.
[[0;32m  OK  [0m] Started Create list of required sta...ce nodes for the current kernel.
[   12.921551] systemd[1]: Starting Create Static Device Nodes in /dev...
         Starting Create Static Device Nodes in /dev...
[   13.106610] systemd[1]: Mounted Debug File System.
[   13.109257] EXT4-fs (sda1): re-mounted. Opts: (null)
[[0;32m  OK  [0m] Mounted Debug File System.
[   13.115518] systemd[1]: Mounted POSIX Message Queue File System.
[[0;32m  OK  [0m] Mounted POSIX Message Queue File System.
[   13.122166] systemd[1]: Mounted Huge Pages File System.
[[0;32m  OK  [0m] Mounted Huge Pages File System.
[   13.132226] Loading iSCSI transport class v2.0-870.
[   13.146597] systemd[1]: Started Remount Root and Kernel File Systems.
[[0;32m  OK  [0m] Started Remount Root and Kernel File Systems.
[   13.225336] systemd[1]: Starting udev Coldplug all Devices...
         Starting udev Coldplug all Devices...
[   13.231328] systemd[1]: Starting Load/Save Random Seed...
         Starting Load/Save Random Seed...
[   13.269373] systemd[1]: Started Nameserver information manager.
[[0;32m  OK  [0m] Started Nameserver information manager.
[   13.301162] iscsi: registered transport (tcp)
[   13.350538] systemd[1]: Started Journal Service.
[[0;32m  OK  [0m] Started Journal Service.
         Starting Flush Journal to Persistent Storage...
[[0;32m  OK  [0m] Started Load/Save Random Seed.
[[0;32m  OK  [0m] Started udev Coldplug all Devices.
[[0;32m  OK  [0m] Started LVM2 metadata daemon.
[   13.477114] systemd-journald[364]: Received request to flush runtime journal from PID 1
[[0;32m  OK  [0m] Started Flush Journal to Persistent Storage.
[[0;32m  OK  [0m] Started Set console keymap.
[   13.847534] iscsi: registered transport (iser)
[[0;32m  OK  [0m] Started Load Kernel Modules.
         Starting Apply Kernel Variables...
         Mounting FUSE Control File System...
[[0;32m  OK  [0m] Mounted FUSE Control File System.
[[0;32m  OK  [0m] Started Apply Kernel Variables.
[[0;32m  OK  [0m] Started Create Static Device Nodes in /dev.
         Starting udev Kernel Device Manager...
[[0;32m  OK  [0m] Started Monitoring of LVM2 mirrors,...ng dmeventd or progress polling.
[[0;32m  OK  [0m] Reached target Local File Systems (Pre).
         Mounting /vagrant...
[[0;32m  OK  [0m] Reached target Local File Systems.
         Starting Create Volatile Files and Directories...
         Starting Initial cloud-init job (pre-networking)...
         Starting Tell Plymouth To Write Out Runtime Data...
         Starting LSB: AppArmor initialization...
         Starting Set console font and keymap...
[[0;1;31mFAILED[0m] Failed to mount /vagrant.
See 'systemctl status vagrant.mount' for details.
[[0;32m  OK  [0m] Started Tell Plymouth To Write Out Runtime Data.
[[0;32m  OK  [0m] Started Create Volatile Files and Directories.
         Starting Update UTMP about System Boot/Shutdown...
[[0;32m  OK  [0m] Started Update UTMP about System Boot/Shutdown.
[[0;32m  OK  [0m] Started udev Kernel Device Manager.
[[0;32m  OK  [0m] Started Dispatch Password Requests to Console Directory Watch.
[[0;32m  OK  [0m] Found device /dev/ttyS0.
[[0;32m  OK  [0m] Listening on Load/Save RF Kill Switch Status /dev/rfkill Watch.
[[0;32m  OK  [0m] Found device 82540EM Gigabit Ethern...r (PRO/1000 MT Desktop Adapter).
[[0;32m  OK  [0m] Started LSB: AppArmor initialization.
         Starting Load AppArmor profiles managed internally by snapd...
[[0;32m  OK  [0m] Started Set console font and keymap.
[[0;32m  OK  [0m] Started Load AppArmor profiles managed internally by snapd.
[[0;32m  OK  [0m] Created slice system-getty.slice.
[   21.198569] cloud-init[458]: Cloud-init v. 20.3-2-g371b392c-0ubuntu1~16.04.1 running 'init-local' at Mon, 05 Oct 2020 11:12:38 +0000. Up 20.30 seconds.
[[0;32m  OK  [0m] Started Initial cloud-init job (pre-networking).
[[0;32m  OK  [0m] Reached target Network (Pre).
         Starting Raise network interfaces...
[[0;32m  OK  [0m] Started ifup for enp0s3.
[[0;32m  OK  [0m] Started Raise network interfaces.
[[0;32m  OK  [0m] Reached target Network.
         Starting Initial cloud-init job (metadata service crawler)...
[   23.189102] cloud-init[964]: Cloud-init v. 20.3-2-g371b392c-0ubuntu1~16.04.1 running 'init' at Mon, 05 Oct 2020 11:12:40 +0000. Up 22.35 seconds.
[   23.192760] cloud-init[964]: ci-info: ++++++++++++++++++++++++++++++++++++++Net device info++++++++++++++++++++++++++++++++++++++
[   23.195629] cloud-init[964]: ci-info: +--------+------+----------------------------+---------------+--------+-------------------+
[   23.199044] cloud-init[964]: ci-info: | Device |  Up  |          Address           |      Mask     | Scope  |     Hw-Address    |
[   23.202724] cloud-init[964]: ci-info: +--------+------+----------------------------+---------------+--------+-------------------+
[   23.205998] cloud-init[964]: ci-info: | enp0s3 | True |         10.0.2.15          | 255.255.255.0 | global | 02:83:3c:85:18:ff |
[   23.209685] cloud-init[964]: ci-info: | enp0s3 | True | fe80::83:3cff:fe85:18ff/64 |       .       |  link  | 02:83:3c:85:18:ff |
[   23.214378] cloud-init[964]: ci-info: |   lo   | True |         127.0.0.1          |   255.0.0.0   |  host  |         .         |
[   23.218398] cloud-init[964]: ci-info: |   lo   | True |          ::1/128           |       .       |  host  |         .         |
[   23.221509] cloud-init[964]: ci-info: +--------+------+----------------------------+---------------+--------+-------------------+
[   23.225675] cloud-init[964]: ci-info: +++++++++++++++++++++++++++Route IPv4 info++++++++++++++++++++++++++++
[   23.228923] cloud-init[964]: ci-info: +-------+-------------+----------+---------------+-----------+-------+
[   23.236979] cloud-init[964]: ci-info: | Route | Destination | Gateway  |    Genmask    | Interface | Flags |
[   23.244681] cloud-init[964]: ci-info: +-------+-------------+----------+---------------+-----------+-------+
[   23.247580] cloud-init[964]: ci-info: |   0   |   0.0.0.0   | 10.0.2.2 |    0.0.0.0    |   enp0s3  |   UG  |
[   23.250659] cloud-init[964]: ci-info: |   1   |   10.0.2.0  | 0.0.0.0  | 255.255.255.0 |   enp0s3  |   U   |
[   23.253753] cloud-init[964]: ci-info: +-------+-------------+----------+---------------+-----------+-------+
[   23.256769] cloud-init[964]: ci-info: +++++++++++++++++++Route IPv6 info+++++++++++++++++++
[   23.259658] cloud-init[964]: ci-info: +-------+-------------+---------+-----------+-------+
[   23.262529] cloud-init[964]: ci-info: | Route | Destination | Gateway | Interface | Flags |
[   23.265378] cloud-init[964]: ci-info: +-------+-------------+---------+-----------+-------+
[   23.268323] cloud-init[964]: ci-info: |   0   |  fe80::/64  |    ::   |   enp0s3  |   U   |
[   23.271208] cloud-init[964]: ci-info: |   3   |   ff00::/8  |    ::   |   enp0s3  |   U   |
[   23.274033] cloud-init[964]: ci-info: +-------+-------------+---------+-----------+-------+
[[0;32m  OK  [0m] Started Initial cloud-init job (metadata service crawler).
[[0;32m  OK  [0m] Reached target Cloud-config availability.
[[0;32m  OK  [0m] Reached target System Initialization.
[[0;32m  OK  [0m] Listening on D-Bus System Message Bus Socket.
[[0;32m  OK  [0m] Started Daily Cleanup of Temporary Directories.
[[0;32m  OK  [0m] Started ACPI Events Check.
[[0;32m  OK  [0m] Reached target Paths.
[[0;32m  OK  [0m] Listening on ACPID Listen Socket.
         Starting LXD - unix socket.
[[0;32m  OK  [0m] Started Message of the Day.
         Starting Socket activation for snappy daemon.
[[0;32m  OK  [0m] Started Daily apt download activities.
[[0;32m  OK  [0m] Started Daily apt upgrade and clean activities.
[[0;32m  OK  [0m] Reached target Timers.
[[0;32m  OK  [0m] Listening on UUID daemon activation socket.
[[0;32m  OK  [0m] Reached target Network is Online.
         Starting iSCSI initiator daemon (iscsid)...
[[0;32m  OK  [0m] Listening on LXD - unix socket.
[[0;32m  OK  [0m] Listening on Socket activation for snappy daemon.
[[0;32m  OK  [0m] Reached target Sockets.
[[0;32m  OK  [0m] Reached target Basic System.
         Starting /etc/rc.local Compatibility...
         Starting Login Service...
         Starting LXD - container startup/shutdown...
         Starting OpenBSD Secure Shell server...
[[0;32m  OK  [0m] Started Deferred execution scheduler.
[[0;32m  OK  [0m] Started ACPI event daemon.
         Starting Accounts Service...
[[0;32m  OK  [0m] Started FUSE filesystem for LXC.
         Starting LSB: Record successful boot for GRUB...
         Starting Virtualbox guest utils...
[[0;32m  OK  [0m] Started Regular background program processing daemon.
         Starting LSB: MD monitoring daemon...
[[0;32m  OK  [0m] Started D-Bus System Message Bus.
         Starting Snap Daemon...
         Starting System Logging Service...
[[0;32m  OK  [0m] Started /etc/rc.local Compatibility.
[[0;32m  OK  [0m] Started OpenBSD Secure Shell server.
[[0;32m  OK  [0m] Started Login Service.
[[0;32m  OK  [0m] Started Unattended Upgrades Shutdown.
         Starting Authenticate and Authorize Users to Run Privileged Tasks...
[[0;32m  OK  [0m] Started iSCSI initiator daemon (iscsid).
         Starting Login to default iSCSI targets...
[[0;32m  OK  [0m] Started LSB: Record successful boot for GRUB.
[[0;32m  OK  [0m] Started LSB: MD monitoring daemon.
[[0;32m  OK  [0m] Started System Logging Service.
[[0;32m  OK  [0m] Started Authenticate and Authorize Users to Run Privileged Tasks.
[[0;32m  OK  [0m] Started Accounts Service.
[[0;32m  OK  [0m] Started Login to default iSCSI targets.
[[0;32m  OK  [0m] Reached target Remote File Systems (Pre).
[[0;32m  OK  [0m] Reached target Remote File Systems.
         Starting Permit User Sessions...
         Starting LSB: daemon to balance interrupts for SMP systems...
         Starting LSB: Set the CPU Frequency Scaling governor to "ondemand"...
         Starting LSB: automatic crash report generation...
[[0;32m  OK  [0m] Started LSB: Set the CPU Frequency Scaling governor to "ondemand".
[[0;32m  OK  [0m] Started Permit User Sessions.
         Starting Hold until boot process finishes up...
         Starting Terminate Plymouth Boot Screen...
[[0;32m  OK  [0m] Started Hold until boot process finishes up.
         Starting Set console scheme...
[[0;32m  OK  [0m] Started Serial Getty on ttyS0.
[[0;32m  OK  [0m] Started Getty on tty1.
[[0;32m  OK  [0m] Reached target Login Prompts.
[[0;32m  OK  [0m] Started Terminate Plymouth Boot Screen.
[[0;32m  OK  [0m] Started Set console scheme.
[[0;32m  OK  [0m] Started LSB: daemon to balance interrupts for SMP systems.
[[0;32m  OK  [0m] Started LSB: automatic crash report generation.
[[0;32m  OK  [0m] Started Virtualbox guest utils.
[[0;32m  OK  [0m] Created slice User Slice of vagrant.
         Starting User Manager for UID 1000...
[[0;32m  OK  [0m] Started Session 1 of user vagrant.
[[0;32m  OK  [0m] Started User Manager for UID 1000.
[[0;32m  OK  [0m] Started LXD - container startup/shutdown.
[[0;32m  OK  [0m] Started Snap Daemon.
         Starting Wait until snapd is fully seeded...
[[0;32m  OK  [0m] Started Wait until snapd is fully seeded.
         Starting Apply the settings specified in cloud-config...
[[0;32m  OK  [0m] Reached target Multi-User System.
[[0;32m  OK  [0m] Reached target Graphical Interface.
         Starting Update UTMP about System Runlevel Changes...
[[0;32m  OK  [0m] Started Update UTMP about System Runlevel Changes.
[   30.095802] cloud-init[1294]: Cloud-init v. 20.3-2-g371b392c-0ubuntu1~16.04.1 running 'modules:config' at Mon, 05 Oct 2020 11:12:47 +0000. Up 29.83 seconds.
[[0;32m  OK  [0m] Started Apply the settings specified in cloud-config.
         Starting Execute cloud user/final scripts...
[   31.213697] cloud-init[1313]: Cloud-init v. 20.3-2-g371b392c-0ubuntu1~16.04.1 running 'modules:final' at Mon, 05 Oct 2020 11:12:48 +0000. Up 30.89 seconds.
[   31.218510] cloud-init[1313]: Cloud-init v. 20.3-2-g371b392c-0ubuntu1~16.04.1 finished at Mon, 05 Oct 2020 11:12:49 +0000. Datasource DataSourceNoCloud [seed=/dev/sdb][dsmode=net].  Up 31.19 seconds

Ubuntu 16.04.7 LTS ubuntu-xenial ttyS0

ubuntu-xenial login: 